<html>
<body>
<pre>
<h1>µVision Build Log</h1>
<h2>Tool Versions:</h2>
IDE-Version: µVision V5.16.0.0
Copyright (C) 2015 ARM Ltd and ARM Germany GmbH. All rights reserved.
License Information: Engineering Workstations, UIUC, LIC=----
 
Tool Versions:
Toolchain:       MDK-Lite  Version: 5.16.0.0
Toolchain Path:  C:\Keil_v5\ARM\ARMCC\Bin
C Compiler:      Armcc.exe V5.06 (build 20)
Assembler:       Armasm.exe V5.06 (build 20)
Linker/Locator:  ArmLink.exe V5.06 (build 20)
Library Manager: ArmAr.exe V5.06 (build 20)
Hex Converter:   FromElf.exe V5.06 (build 20)
CPU DLL:         SARMCM3.DLL V5.16.0.0
Dialog DLL:      DARMP1.DLL V1.25.0.0
Target DLL:      UL2CM3.DLL V1.155.12.0
Dialog DLL:      TARMP1.DLL V1.24.0.0
 
<h2>Project:</h2>
C:\Users\nahikia2\Dropbox\ECE395\395_Examples\395_Examples.uvproj
Project File Date:  06/19/2016

<h2>Output:</h2>
*** Using Compiler 'V5.06 (build 20)', folder: 'C:\Keil_v5\ARM\ARMCC\Bin'
Rebuild target 'Examples'
assembling startup_LPC11xx.s...
compiling PWM_32bit_Timer.c...
compiling system_LPC11xx.c...
compiling PWM_16bit_Timer.c...
compiling Retarget.c...
compiling main.c...
compiling UART.c...
compiling I2C.c...
compiling SPI.c...
linking...
Program Size: Code=4126 RO-data=266 RW-data=8 ZI-data=608  
".\Objects\395_Examples.axf" - 0 Error(s), 0 Warning(s).
Build Time Elapsed:  00:00:01
</pre>
</body>
</html>
